  Determining projects to restore...
  All projects are up-to-date for restore.
  PaperaX.Domain -> D:\Required_Files\PaperaX\PaperaX.Api\src\PaperaX.Domain\bin\Debug\net8.0\PaperaX.Domain.dll
  PaperaX.Shared -> D:\Required_Files\PaperaX\PaperaX.Api\src\PaperaX.Shared\bin\Debug\net8.0\PaperaX.Shared.dll
  PaperaX.Application -> D:\Required_Files\PaperaX\PaperaX.Api\src\PaperaX.Application\bin\Debug\net8.0\PaperaX.Application.dll
  PaperaX.Infrastructure -> D:\Required_Files\PaperaX\PaperaX.Api\src\PaperaX.Infrastructure\bin\Debug\net8.0\PaperaX.Infrastructure.dll
  PaperaX.Api -> D:\Required_Files\PaperaX\PaperaX.Api\src\PaperaX.Api\bin\Debug\net8.0\PaperaX.Api.dll
  PaperaX.UnitTests -> D:\Required_Files\PaperaX\PaperaX.Api\tests\PaperaX.UnitTests\bin\Debug\net8.0\PaperaX.UnitTests.dll
  PaperaX.IntegrationTests -> D:\Required_Files\PaperaX\PaperaX.Api\tests\PaperaX.IntegrationTests\bin\Debug\net8.0\PaperaX.IntegrationTests.dll

Build succeeded.
    0 Warning(s)
    0 Error(s)

Time Elapsed 00:01:06.92
